3
3
2
5
4
3
5
5
2
2
5
4
3
2
4
7
4
2
3
2
5
2
4
4
3
5
