3
6
6
3
4
5
5
3
4
3
6
6
6
4
6
6
3
6
3
6
6
3
6
5
4
4
